// Jest Snapshot v1, https://goo.gl/fbAQLP

exports[`dashboard should render a snap shot 1`] = `"<div class=\\"css-15c4fvq\\"><div class=\\"graph-container\\"><svg width=\\"0\\" height=\\"0\\"><g transform=\\"translate(50,50)\\"><g class=\\"x-axis\\" transform=\\"translate(0,-100)\\" fill=\\"none\\" font-size=\\"10\\" font-family=\\"sans-serif\\" text-anchor=\\"middle\\"><path class=\\"domain\\" stroke=\\"currentColor\\" d=\\"M0.5,6V0.5H-99.5V6\\"></path></g><line x1=\\"0.5\\" y1=\\"0\\" x2=\\"0.5\\" y2=\\"-100\\" stroke=\\"currentcolor\\"></line><g class=\\"y-axis\\" fill=\\"none\\" font-size=\\"10\\" font-family=\\"sans-serif\\" text-anchor=\\"end\\"></g><line x1=\\"-99.5\\" y1=\\"0\\" x2=\\"-99.5\\" y2=\\"-100\\" stroke=\\"currentcolor\\"></line><line x1=\\"0\\" y1=\\"0.5\\" x2=\\"-99.5\\" y2=\\"0.5\\" stroke=\\"currentcolor\\"></line><path class=\\"line\\"></path><text class=\\"graph-title\\">test - test</text><text text-anchor=\\"middle\\" transform=\\"translate(-50,-50)\\">No readings exist in this range :(</text></g></svg></div></div>"`;
