// Jest Snapshot v1, https://goo.gl/fbAQLP

exports[`SensorDetails should render a snap shot 1`] = `ReactWrapper {}`;

exports[`SensorDetails should test functionality 1`] = `"<div class=\\"css-66tsks\\"><div class=\\"css-np5om9\\" role=\\"button\\" tabindex=\\"0\\"><div class=\\"modal\\" role=\\"button\\" tabindex=\\"0\\"><div class=\\"title\\">Add Action</div><div class=\\"body\\"><div><span>Value:</span><input name=\\"value\\" value=\\"0\\"></div><div><span>Value Type:</span><select name=\\"valueType\\"><option value=\\"value\\">value</option><option value=\\"timestamp\\">timestamp</option><option value=\\"time\\">time</option><option value=\\"interval\\">interval</option></select></div><div><span> Condition:</span><select name=\\"condition\\"><option value=\\"gt\\">gt</option><option value=\\"gte\\">gte</option><option value=\\"eq\\">eq</option><option value=\\"lt\\">lt</option><option value=\\"lte\\">lte</option></select></div><div><span> Action:</span><select name=\\"action\\"><option value=\\"slack\\">slack</option><option value=\\"wemo\\">wemo</option><option value=\\"camera\\">camera</option></select></div><div><span> Interval:</span><input name=\\"interval\\" type=\\"text\\" value=\\"test\\"></div><div><span>Metadata:</span><input name=\\"metaData\\" type=\\"text\\" value=\\"\\"></div></div><div class=\\"error-message\\"></div><div class=\\"footer\\"><button type=\\"button\\">Save</button><button type=\\"button\\">Cancel</button></div></div></div><div class=\\"title\\">Sensor Details</div><div class=\\"grid\\"><div class=\\"item\\">Station:<span>test</span></div><div class=\\"item\\">Sensor:<span>test</span></div><div class=\\"item\\">Last Reading Time:<span>1-11-1 1:1</span></div><div class=\\"item\\">Last Reading Value:<span>1</span></div><div class=\\"item\\">Name:<input name=\\"name\\" value=\\"test\\"></div><div class=\\"item\\">Description<input name=\\"description\\" value=\\"\\"></div><div class=\\"item\\">Coefficients:<input name=\\"coefficients\\" value=\\"\\"></div><div class=\\"item\\">Unit:<input name=\\"unit\\" value=\\"\\"></div><div class=\\"item\\">Poll rate:<input name=\\"pollRate\\" value=\\"\\"></div><div class=\\"item\\"><button type=\\"button\\">save</button><span></span></div></div><div class=\\"title\\">Actions</div><div class=\\"actions-grid\\"><div class=\\"action-row\\"><div class=\\"actions-item\\">value</div><div class=\\"actions-item\\">value type</div><div class=\\"actions-item\\">condition</div><div class=\\"actions-item\\">action</div><div class=\\"actions-item\\">interval</div><div class=\\"actions-item\\">metaData</div><div></div><div></div></div><div class=\\"action-row\\"><div class=\\"actions-item\\"></div><div class=\\"actions-item\\"></div><div class=\\"actions-item\\">test</div><div class=\\"actions-item\\">test</div><div class=\\"actions-item\\">test</div><div class=\\"actions-item\\"></div><button type=\\"button\\">Edit</button><button type=\\"button\\">Delete</button></div><button class=\\"add-button\\" type=\\"button\\">+</button></div></div>"`;
