// Jest Snapshot v1, https://goo.gl/fbAQLP

exports[`AddAction should render a snap shot 1`] = `"<div class=\\"css-np5om9\\" role=\\"button\\" tabindex=\\"0\\"><div class=\\"modal\\" role=\\"button\\" tabindex=\\"0\\"><div class=\\"title\\">Add Action</div><div class=\\"body\\"><div><span>Value:</span><input name=\\"value\\" value=\\"0\\"></div><div><span>Value Type:</span><select name=\\"valueType\\"><option value=\\"value\\">value</option><option value=\\"timestamp\\">timestamp</option><option value=\\"time\\">time</option><option value=\\"interval\\">interval</option></select></div><div><span> Condition:</span><select name=\\"condition\\"><option value=\\"test\\">test</option></select></div><div><span> Action:</span><select name=\\"action\\"><option value=\\"slack\\">slack</option><option value=\\"wemo\\">wemo</option><option value=\\"camera\\">camera</option></select></div><div><span> Interval:</span><input name=\\"interval\\" type=\\"text\\" value=\\"0\\"></div><div><span>Metadata:</span><input name=\\"metaData\\" type=\\"text\\" value=\\"\\"></div></div><div class=\\"error-message\\">test</div><div class=\\"footer\\"><button type=\\"button\\">Save</button><button type=\\"button\\">Cancel</button></div></div></div>"`;
